Archive member included to satisfy reference by file (symbol)

c:/program files (x86)/atmel/studio/7.0/toolchain/avr8/avr8-gnu-toolchain/bin/../lib/gcc/avr/5.4.0/avr5\libgcc.a(_udivmodhi4.o)
                              Source/queue.o (__udivmodhi4)
c:/program files (x86)/atmel/studio/7.0/toolchain/avr8/avr8-gnu-toolchain/bin/../lib/gcc/avr/5.4.0/avr5\libgcc.a(_exit.o)
                              C:/Program Files (x86)/Atmel/Studio/7.0/Packs/atmel/ATmega_DFP/1.7.374/gcc/dev/atmega32/avr5/crtatmega32.o (exit)
c:/program files (x86)/atmel/studio/7.0/toolchain/avr8/avr8-gnu-toolchain/bin/../lib/gcc/avr/5.4.0/avr5\libgcc.a(_tablejump2.o)
                              Source/timers.o (__tablejump2__)
c:/program files (x86)/atmel/studio/7.0/toolchain/avr8/avr8-gnu-toolchain/bin/../lib/gcc/avr/5.4.0/avr5\libgcc.a(_copy_data.o)
                              main.o (__do_copy_data)
c:/program files (x86)/atmel/studio/7.0/toolchain/avr8/avr8-gnu-toolchain/bin/../lib/gcc/avr/5.4.0/avr5\libgcc.a(_clear_bss.o)
                              main.o (__do_clear_bss)
c:/program files (x86)/atmel/studio/7.0/toolchain/avr8/avr8-gnu-toolchain/bin/../lib/gcc/avr/5.4.0/../../../../avr/lib/avr5\libc.a(memcpy.o)
                              Source/queue.o (memcpy)

Allocating common symbols
Common symbol       size              file

task3ptr            0x2               main.o
task2ptr            0x2               main.o
task1ptr            0x2               main.o

Discarded input sections

 .data          0x00000000        0x0 C:/Program Files (x86)/Atmel/Studio/7.0/Packs/atmel/ATmega_DFP/1.7.374/gcc/dev/atmega32/avr5/crtatmega32.o
 .bss           0x00000000        0x0 C:/Program Files (x86)/Atmel/Studio/7.0/Packs/atmel/ATmega_DFP/1.7.374/gcc/dev/atmega32/avr5/crtatmega32.o
 .text          0x00000000        0x0 main.o
 .data          0x00000000        0x0 main.o
 .bss           0x00000000        0x0 main.o
 .text          0x00000000        0x0 Source/croutine.o
 .data          0x00000000        0x0 Source/croutine.o
 .bss           0x00000000        0x0 Source/croutine.o
 .text.prvInitialiseCoRoutineLists
                0x00000000       0x5e Source/croutine.o
 .text.prvCheckPendingReadyList
                0x00000000       0x6c Source/croutine.o
 .text.prvCheckDelayedList
                0x00000000      0x106 Source/croutine.o
 .text.xCoRoutineCreate
                0x00000000       0xba Source/croutine.o
 .text.vCoRoutineAddToDelayedList
                0x00000000       0x86 Source/croutine.o
 .text.vCoRoutineSchedule
                0x00000000       0xbe Source/croutine.o
 .text.xCoRoutineRemoveFromEventList
                0x00000000       0x4c Source/croutine.o
 .bss.xPassedTicks
                0x00000000        0x2 Source/croutine.o
 .bss.xLastTickCount
                0x00000000        0x2 Source/croutine.o
 .bss.xCoRoutineTickCount
                0x00000000        0x2 Source/croutine.o
 .bss.uxTopCoRoutineReadyPriority
                0x00000000        0x1 Source/croutine.o
 .bss.pxCurrentCoRoutine
                0x00000000        0x2 Source/croutine.o
 .bss.xPendingReadyCoRoutineList
                0x00000000        0x9 Source/croutine.o
 .bss.pxOverflowDelayedCoRoutineList
                0x00000000        0x2 Source/croutine.o
 .bss.pxDelayedCoRoutineList
                0x00000000        0x2 Source/croutine.o
 .bss.xDelayedCoRoutineList2
                0x00000000        0x9 Source/croutine.o
 .bss.xDelayedCoRoutineList1
                0x00000000        0x9 Source/croutine.o
 .bss.pxReadyCoRoutineLists
                0x00000000       0x12 Source/croutine.o
 .debug_info    0x00000000      0x72d Source/croutine.o
 .debug_abbrev  0x00000000      0x205 Source/croutine.o
 .debug_loc     0x00000000      0x3f0 Source/croutine.o
 .debug_aranges
                0x00000000       0x50 Source/croutine.o
 .debug_ranges  0x00000000       0x40 Source/croutine.o
 .debug_line    0x00000000      0x3e3 Source/croutine.o
 .debug_str     0x00000000      0x542 Source/croutine.o
 .comment       0x00000000       0x31 Source/croutine.o
 .debug_frame   0x00000000      0x100 Source/croutine.o
 .text          0x00000000        0x0 Source/event_groups.o
 .data          0x00000000        0x0 Source/event_groups.o
 .bss           0x00000000        0x0 Source/event_groups.o
 .text.prvTestWaitCondition
                0x00000000       0x26 Source/event_groups.o
 .text.xEventGroupCreate
                0x00000000       0x26 Source/event_groups.o
 .text.xEventGroupWaitBits
                0x00000000       0xe4 Source/event_groups.o
 .text.xEventGroupClearBits
                0x00000000       0x1e Source/event_groups.o
 .text.xEventGroupGetBitsFromISR
                0x00000000        0x8 Source/event_groups.o
 .text.xEventGroupSetBits
                0x00000000       0xc8 Source/event_groups.o
 .text.xEventGroupSync
                0x00000000       0xd6 Source/event_groups.o
 .text.vEventGroupDelete
                0x00000000       0x2e Source/event_groups.o
 .text.vEventGroupSetBitsCallback
                0x00000000        0x8 Source/event_groups.o
 .text.vEventGroupClearBitsCallback
                0x00000000        0x8 Source/event_groups.o
 .debug_info    0x00000000      0x8df Source/event_groups.o
 .debug_abbrev  0x00000000      0x1dc Source/event_groups.o
 .debug_loc     0x00000000      0xb41 Source/event_groups.o
 .debug_aranges
                0x00000000       0x68 Source/event_groups.o
 .debug_ranges  0x00000000       0x70 Source/event_groups.o
 .debug_line    0x00000000      0x434 Source/event_groups.o
 .debug_str     0x00000000      0x58c Source/event_groups.o
 .comment       0x00000000       0x31 Source/event_groups.o
 .debug_frame   0x00000000      0x15c Source/event_groups.o
 .text          0x00000000        0x0 Source/list.o
 .data          0x00000000        0x0 Source/list.o
 .bss           0x00000000        0x0 Source/list.o
 .text.vListInsertEnd
                0x00000000       0x42 Source/list.o
 .text          0x00000000        0x0 Source/portable/GCC/ATMega323/port.o
 .data          0x00000000        0x0 Source/portable/GCC/ATMega323/port.o
 .bss           0x00000000        0x0 Source/portable/GCC/ATMega323/port.o
 .text.vPortEndScheduler
                0x00000000        0x2 Source/portable/GCC/ATMega323/port.o
 .text          0x00000000        0x0 Source/portable/MemMang/heap_1.o
 .data          0x00000000        0x0 Source/portable/MemMang/heap_1.o
 .bss           0x00000000        0x0 Source/portable/MemMang/heap_1.o
 .text.vPortInitialiseBlocks
                0x00000000        0xa Source/portable/MemMang/heap_1.o
 .text.xPortGetFreeHeapSize
                0x00000000       0x12 Source/portable/MemMang/heap_1.o
 .text          0x00000000        0x0 Source/queue.o
 .data          0x00000000        0x0 Source/queue.o
 .bss           0x00000000        0x0 Source/queue.o
 .text.prvIsQueueFull
                0x00000000       0x1c Source/queue.o
 .text.prvCopyDataToQueue
                0x00000000       0x92 Source/queue.o
 .text.xQueueGenericSend
                0x00000000      0x124 Source/queue.o
 .text.xQueueGenericSendFromISR
                0x00000000       0x78 Source/queue.o
 .text.xQueueGiveFromISR
                0x00000000       0x52 Source/queue.o
 .text.xQueueSemaphoreTake
                0x00000000      0x106 Source/queue.o
 .text.xQueuePeek
                0x00000000      0x122 Source/queue.o
 .text.xQueueReceiveFromISR
                0x00000000       0x6e Source/queue.o
 .text.xQueuePeekFromISR
                0x00000000       0x2e Source/queue.o
 .text.uxQueueMessagesWaiting
                0x00000000       0x10 Source/queue.o
 .text.uxQueueSpacesAvailable
                0x00000000       0x16 Source/queue.o
 .text.uxQueueMessagesWaitingFromISR
                0x00000000        0x6 Source/queue.o
 .text.vQueueDelete
                0x00000000        0x6 Source/queue.o
 .text.xQueueIsQueueEmptyFromISR
                0x00000000       0x10 Source/queue.o
 .text.xQueueIsQueueFullFromISR
                0x00000000       0x12 Source/queue.o
 .text.xQueueCRSend
                0x00000000       0x80 Source/queue.o
 .text.xQueueCRReceive
                0x00000000       0x92 Source/queue.o
 .text.xQueueCRSendFromISR
                0x00000000       0x4c Source/queue.o
 .text.xQueueCRReceiveFromISR
                0x00000000       0x82 Source/queue.o
 .text          0x00000000        0x0 Source/tasks.o
 .data          0x00000000        0x0 Source/tasks.o
 .bss           0x00000000        0x0 Source/tasks.o
 .text.vTaskDelete
                0x00000000       0xb0 Source/tasks.o
 .text.vTaskEndScheduler
                0x00000000        0xc Source/tasks.o
 .text.xTaskGetTickCountFromISR
                0x00000000        0xa Source/tasks.o
 .text.uxTaskGetNumberOfTasks
                0x00000000        0x6 Source/tasks.o
 .text.pcTaskGetName
                0x00000000       0x10 Source/tasks.o
 .text.vTaskDelay
                0x00000000       0x2c Source/tasks.o
 .text.xTaskCatchUpTicks
                0x00000000       0x28 Source/tasks.o
 .text.vTaskPlaceOnUnorderedEventList
                0x00000000       0x8c Source/tasks.o
 .text.vTaskRemoveFromUnorderedEventList
                0x00000000      0x14c Source/tasks.o
 .text.vTaskSetTimeOutState
                0x00000000       0x20 Source/tasks.o
 .text.xTaskGetSchedulerState
                0x00000000       0x1c Source/tasks.o
 .text.uxTaskResetEventItemValue
                0x00000000       0x2e Source/tasks.o
 .text.ulTaskGenericNotifyTake
                0x00000000      0x106 Source/tasks.o
 .text.xTaskGenericNotifyWait
                0x00000000      0x142 Source/tasks.o
 .text.xTaskGenericNotify
                0x00000000      0x20a Source/tasks.o
 .text.xTaskGenericNotifyFromISR
                0x00000000      0x260 Source/tasks.o
 .text.vTaskGenericNotifyGiveFromISR
                0x00000000      0x194 Source/tasks.o
 .text.xTaskGenericNotifyStateClear
                0x00000000       0x34 Source/tasks.o
 .text.ulTaskGenericNotifyValueClear
                0x00000000       0x6c Source/tasks.o
 .text          0x00000000        0x0 Source/timers.o
 .data          0x00000000        0x0 Source/timers.o
 .bss           0x00000000        0x0 Source/timers.o
 .text.prvInitialiseNewTimer
                0x00000000       0x66 Source/timers.o
 .text.xTimerCreate
                0x00000000       0x5e Source/timers.o
 .text.xTimerGenericCommand
                0x00000000       0x90 Source/timers.o
 .text.xTimerGetTimerDaemonTaskHandle
                0x00000000        0xa Source/timers.o
 .text.xTimerGetPeriod
                0x00000000        0x8 Source/timers.o
 .text.vTimerSetReloadMode
                0x00000000       0x22 Source/timers.o
 .text.uxTimerGetReloadMode
                0x00000000       0x1a Source/timers.o
 .text.xTimerGetExpiryTime
                0x00000000        0x8 Source/timers.o
 .text.pcTimerGetName
                0x00000000        0x8 Source/timers.o
 .text.xTimerIsTimerActive
                0x00000000       0x1a Source/timers.o
 .text.pvTimerGetTimerID
                0x00000000       0x12 Source/timers.o
 .text.vTimerSetTimerID
                0x00000000       0x12 Source/timers.o
 .text          0x00000000        0x0 c:/program files (x86)/atmel/studio/7.0/toolchain/avr8/avr8-gnu-toolchain/bin/../lib/gcc/avr/5.4.0/avr5\libgcc.a(_udivmodhi4.o)
 .data          0x00000000        0x0 c:/program files (x86)/atmel/studio/7.0/toolchain/avr8/avr8-gnu-toolchain/bin/../lib/gcc/avr/5.4.0/avr5\libgcc.a(_udivmodhi4.o)
 .bss           0x00000000        0x0 c:/program files (x86)/atmel/studio/7.0/toolchain/avr8/avr8-gnu-toolchain/bin/../lib/gcc/avr/5.4.0/avr5\libgcc.a(_udivmodhi4.o)
 .text.libgcc.mul
                0x00000000        0x0 c:/program files (x86)/atmel/studio/7.0/toolchain/avr8/avr8-gnu-toolchain/bin/../lib/gcc/avr/5.4.0/avr5\libgcc.a(_udivmodhi4.o)
 .text.libgcc   0x00000000        0x0 c:/program files (x86)/atmel/studio/7.0/toolchain/avr8/avr8-gnu-toolchain/bin/../lib/gcc/avr/5.4.0/avr5\libgcc.a(_udivmodhi4.o)
 .text.libgcc.prologue
                0x00000000        0x0 c:/program files (x86)/atmel/studio/7.0/toolchain/avr8/avr8-gnu-toolchain/bin/../lib/gcc/avr/5.4.0/avr5\libgcc.a(_udivmodhi4.o)
 .text.libgcc.builtins
                0x00000000        0x0 c:/program files (x86)/atmel/studio/7.0/toolchain/avr8/avr8-gnu-toolchain/bin/../lib/gcc/avr/5.4.0/avr5\libgcc.a(_udivmodhi4.o)
 .text.libgcc.fmul
                0x00000000        0x0 c:/program files (x86)/atmel/studio/7.0/toolchain/avr8/avr8-gnu-toolchain/bin/../lib/gcc/avr/5.4.0/avr5\libgcc.a(_udivmodhi4.o)
 .text.libgcc.fixed
                0x00000000        0x0 c:/program files (x86)/atmel/studio/7.0/toolchain/avr8/avr8-gnu-toolchain/bin/../lib/gcc/avr/5.4.0/avr5\libgcc.a(_udivmodhi4.o)
 .text          0x00000000        0x0 c:/program files (x86)/atmel/studio/7.0/toolchain/avr8/avr8-gnu-toolchain/bin/../lib/gcc/avr/5.4.0/avr5\libgcc.a(_exit.o)
 .data          0x00000000        0x0 c:/program files (x86)/atmel/studio/7.0/toolchain/avr8/avr8-gnu-toolchain/bin/../lib/gcc/avr/5.4.0/avr5\libgcc.a(_exit.o)
 .bss           0x00000000        0x0 c:/program files (x86)/atmel/studio/7.0/toolchain/avr8/avr8-gnu-toolchain/bin/../lib/gcc/avr/5.4.0/avr5\libgcc.a(_exit.o)
 .text.libgcc.mul
                0x00000000        0x0 c:/program files (x86)/atmel/studio/7.0/toolchain/avr8/avr8-gnu-toolchain/bin/../lib/gcc/avr/5.4.0/avr5\libgcc.a(_exit.o)
 .text.libgcc.div
                0x00000000        0x0 c:/program files (x86)/atmel/studio/7.0/toolchain/avr8/avr8-gnu-toolchain/bin/../lib/gcc/avr/5.4.0/avr5\libgcc.a(_exit.o)
 .text.libgcc   0x00000000        0x0 c:/program files (x86)/atmel/studio/7.0/toolchain/avr8/avr8-gnu-toolchain/bin/../lib/gcc/avr/5.4.0/avr5\libgcc.a(_exit.o)
 .text.libgcc.prologue
                0x00000000        0x0 c:/program files (x86)/atmel/studio/7.0/toolchain/avr8/avr8-gnu-toolchain/bin/../lib/gcc/avr/5.4.0/avr5\libgcc.a(_exit.o)
 .text.libgcc.builtins
                0x00000000        0x0 c:/program files (x86)/atmel/studio/7.0/toolchain/avr8/avr8-gnu-toolchain/bin/../lib/gcc/avr/5.4.0/avr5\libgcc.a(_exit.o)
 .text.libgcc.fmul
                0x00000000        0x0 c:/program files (x86)/atmel/studio/7.0/toolchain/avr8/avr8-gnu-toolchain/bin/../lib/gcc/avr/5.4.0/avr5\libgcc.a(_exit.o)
 .text.libgcc.fixed
                0x00000000        0x0 c:/program files (x86)/atmel/studio/7.0/toolchain/avr8/avr8-gnu-toolchain/bin/../lib/gcc/avr/5.4.0/avr5\libgcc.a(_exit.o)
 .text          0x00000000        0x0 c:/program files (x86)/atmel/studio/7.0/toolchain/avr8/avr8-gnu-toolchain/bin/../lib/gcc/avr/5.4.0/avr5\libgcc.a(_tablejump2.o)
 .data          0x00000000        0x0 c:/program files (x86)/atmel/studio/7.0/toolchain/avr8/avr8-gnu-toolchain/bin/../lib/gcc/avr/5.4.0/avr5\libgcc.a(_tablejump2.o)
 .bss           0x00000000        0x0 c:/program files (x86)/atmel/studio/7.0/toolchain/avr8/avr8-gnu-toolchain/bin/../lib/gcc/avr/5.4.0/avr5\libgcc.a(_tablejump2.o)
 .text.libgcc.mul
                0x00000000        0x0 c:/program files (x86)/atmel/studio/7.0/toolchain/avr8/avr8-gnu-toolchain/bin/../lib/gcc/avr/5.4.0/avr5\libgcc.a(_tablejump2.o)
 .text.libgcc.div
                0x00000000        0x0 c:/program files (x86)/atmel/studio/7.0/toolchain/avr8/avr8-gnu-toolchain/bin/../lib/gcc/avr/5.4.0/avr5\libgcc.a(_tablejump2.o)
 .text.libgcc.prologue
                0x00000000        0x0 c:/program files (x86)/atmel/studio/7.0/toolchain/avr8/avr8-gnu-toolchain/bin/../lib/gcc/avr/5.4.0/avr5\libgcc.a(_tablejump2.o)
 .text.libgcc.builtins
                0x00000000        0x0 c:/program files (x86)/atmel/studio/7.0/toolchain/avr8/avr8-gnu-toolchain/bin/../lib/gcc/avr/5.4.0/avr5\libgcc.a(_tablejump2.o)
 .text.libgcc.fmul
                0x00000000        0x0 c:/program files (x86)/atmel/studio/7.0/toolchain/avr8/avr8-gnu-toolchain/bin/../lib/gcc/avr/5.4.0/avr5\libgcc.a(_tablejump2.o)
 .text.libgcc.fixed
                0x00000000        0x0 c:/program files (x86)/atmel/studio/7.0/toolchain/avr8/avr8-gnu-toolchain/bin/../lib/gcc/avr/5.4.0/avr5\libgcc.a(_tablejump2.o)
 .text          0x00000000        0x0 c:/program files (x86)/atmel/studio/7.0/toolchain/avr8/avr8-gnu-toolchain/bin/../lib/gcc/avr/5.4.0/avr5\libgcc.a(_copy_data.o)
 .data          0x00000000        0x0 c:/program files (x86)/atmel/studio/7.0/toolchain/avr8/avr8-gnu-toolchain/bin/../lib/gcc/avr/5.4.0/avr5\libgcc.a(_copy_data.o)
 .bss           0x00000000        0x0 c:/program files (x86)/atmel/studio/7.0/toolchain/avr8/avr8-gnu-toolchain/bin/../lib/gcc/avr/5.4.0/avr5\libgcc.a(_copy_data.o)
 .text.libgcc.mul
                0x00000000        0x0 c:/program files (x86)/atmel/studio/7.0/toolchain/avr8/avr8-gnu-toolchain/bin/../lib/gcc/avr/5.4.0/avr5\libgcc.a(_copy_data.o)
 .text.libgcc.div
                0x00000000        0x0 c:/program files (x86)/atmel/studio/7.0/toolchain/avr8/avr8-gnu-toolchain/bin/../lib/gcc/avr/5.4.0/avr5\libgcc.a(_copy_data.o)
 .text.libgcc   0x00000000        0x0 c:/program files (x86)/atmel/studio/7.0/toolchain/avr8/avr8-gnu-toolchain/bin/../lib/gcc/avr/5.4.0/avr5\libgcc.a(_copy_data.o)
 .text.libgcc.prologue
                0x00000000        0x0 c:/program files (x86)/atmel/studio/7.0/toolchain/avr8/avr8-gnu-toolchain/bin/../lib/gcc/avr/5.4.0/avr5\libgcc.a(_copy_data.o)
 .text.libgcc.builtins
                0x00000000        0x0 c:/program files (x86)/atmel/studio/7.0/toolchain/avr8/avr8-gnu-toolchain/bin/../lib/gcc/avr/5.4.0/avr5\libgcc.a(_copy_data.o)
 .text.libgcc.fmul
                0x00000000        0x0 c:/program files (x86)/atmel/studio/7.0/toolchain/avr8/avr8-gnu-toolchain/bin/../lib/gcc/avr/5.4.0/avr5\libgcc.a(_copy_data.o)
 .text.libgcc.fixed
                0x00000000        0x0 c:/program files (x86)/atmel/studio/7.0/toolchain/avr8/avr8-gnu-toolchain/bin/../lib/gcc/avr/5.4.0/avr5\libgcc.a(_copy_data.o)
 .text          0x00000000        0x0 c:/program files (x86)/atmel/studio/7.0/toolchain/avr8/avr8-gnu-toolchain/bin/../lib/gcc/avr/5.4.0/avr5\libgcc.a(_clear_bss.o)
 .data          0x00000000        0x0 c:/program files (x86)/atmel/studio/7.0/toolchain/avr8/avr8-gnu-toolchain/bin/../lib/gcc/avr/5.4.0/avr5\libgcc.a(_clear_bss.o)
 .bss           0x00000000        0x0 c:/program files (x86)/atmel/studio/7.0/toolchain/avr8/avr8-gnu-toolchain/bin/../lib/gcc/avr/5.4.0/avr5\libgcc.a(_clear_bss.o)
 .text.libgcc.mul
                0x00000000        0x0 c:/program files (x86)/atmel/studio/7.0/toolchain/avr8/avr8-gnu-toolchain/bin/../lib/gcc/avr/5.4.0/avr5\libgcc.a(_clear_bss.o)
 .text.libgcc.div
                0x00000000        0x0 c:/program files (x86)/atmel/studio/7.0/toolchain/avr8/avr8-gnu-toolchain/bin/../lib/gcc/avr/5.4.0/avr5\libgcc.a(_clear_bss.o)
 .text.libgcc   0x00000000        0x0 c:/program files (x86)/atmel/studio/7.0/toolchain/avr8/avr8-gnu-toolchain/bin/../lib/gcc/avr/5.4.0/avr5\libgcc.a(_clear_bss.o)
 .text.libgcc.prologue
                0x00000000        0x0 c:/program files (x86)/atmel/studio/7.0/toolchain/avr8/avr8-gnu-toolchain/bin/../lib/gcc/avr/5.4.0/avr5\libgcc.a(_clear_bss.o)
 .text.libgcc.builtins
                0x00000000        0x0 c:/program files (x86)/atmel/studio/7.0/toolchain/avr8/avr8-gnu-toolchain/bin/../lib/gcc/avr/5.4.0/avr5\libgcc.a(_clear_bss.o)
 .text.libgcc.fmul
                0x00000000        0x0 c:/program files (x86)/atmel/studio/7.0/toolchain/avr8/avr8-gnu-toolchain/bin/../lib/gcc/avr/5.4.0/avr5\libgcc.a(_clear_bss.o)
 .text.libgcc.fixed
                0x00000000        0x0 c:/program files (x86)/atmel/studio/7.0/toolchain/avr8/avr8-gnu-toolchain/bin/../lib/gcc/avr/5.4.0/avr5\libgcc.a(_clear_bss.o)
 .text          0x00000000        0x0 c:/program files (x86)/atmel/studio/7.0/toolchain/avr8/avr8-gnu-toolchain/bin/../lib/gcc/avr/5.4.0/../../../../avr/lib/avr5\libc.a(memcpy.o)
 .data          0x00000000        0x0 c:/program files (x86)/atmel/studio/7.0/toolchain/avr8/avr8-gnu-toolchain/bin/../lib/gcc/avr/5.4.0/../../../../avr/lib/avr5\libc.a(memcpy.o)
 .bss           0x00000000        0x0 c:/program files (x86)/atmel/studio/7.0/toolchain/avr8/avr8-gnu-toolchain/bin/../lib/gcc/avr/5.4.0/../../../../avr/lib/avr5\libc.a(memcpy.o)

Memory Configuration

Name             Origin             Length             Attributes
text             0x00000000         0x00008000         xr
data             0x00800060         0x00000800         rw !x
eeprom           0x00810000         0x00000400         rw !x
fuse             0x00820000         0x00000002         rw !x
lock             0x00830000         0x00000400         rw !x
signature        0x00840000         0x00000400         rw !x
user_signatures  0x00850000         0x00000400         rw !x
*default*        0x00000000         0xffffffff

Linker script and memory map

LOAD C:/Program Files (x86)/Atmel/Studio/7.0/Packs/atmel/ATmega_DFP/1.7.374/gcc/dev/atmega32/avr5/crtatmega32.o
LOAD main.o
LOAD Source/croutine.o
LOAD Source/event_groups.o
LOAD Source/list.o
LOAD Source/portable/GCC/ATMega323/port.o
LOAD Source/portable/MemMang/heap_1.o
LOAD Source/queue.o
LOAD Source/tasks.o
LOAD Source/timers.o
START GROUP
LOAD c:/program files (x86)/atmel/studio/7.0/toolchain/avr8/avr8-gnu-toolchain/bin/../lib/gcc/avr/5.4.0/../../../../avr/lib/avr5\libm.a
END GROUP
START GROUP
LOAD c:/program files (x86)/atmel/studio/7.0/toolchain/avr8/avr8-gnu-toolchain/bin/../lib/gcc/avr/5.4.0/avr5\libgcc.a
LOAD c:/program files (x86)/atmel/studio/7.0/toolchain/avr8/avr8-gnu-toolchain/bin/../lib/gcc/avr/5.4.0/../../../../avr/lib/avr5\libm.a
LOAD c:/program files (x86)/atmel/studio/7.0/toolchain/avr8/avr8-gnu-toolchain/bin/../lib/gcc/avr/5.4.0/../../../../avr/lib/avr5\libc.a
LOAD C:/Program Files (x86)/Atmel/Studio/7.0/Packs/atmel/ATmega_DFP/1.7.374/gcc/dev/atmega32/avr5\libatmega32.a
END GROUP
                0x00000000                __TEXT_REGION_ORIGIN__ = DEFINED (__TEXT_REGION_ORIGIN__)?__TEXT_REGION_ORIGIN__:0x0
                [0x00800060]                __DATA_REGION_ORIGIN__ = DEFINED (__DATA_REGION_ORIGIN__)?__DATA_REGION_ORIGIN__:0x800060
                [0x00008000]                __TEXT_REGION_LENGTH__ = DEFINED (__TEXT_REGION_LENGTH__)?__TEXT_REGION_LENGTH__:0x20000
                [0x00000800]                __DATA_REGION_LENGTH__ = DEFINED (__DATA_REGION_LENGTH__)?__DATA_REGION_LENGTH__:0xffa0
                [0x00000400]                __EEPROM_REGION_LENGTH__ = DEFINED (__EEPROM_REGION_LENGTH__)?__EEPROM_REGION_LENGTH__:0x10000
                [0x00000002]                __FUSE_REGION_LENGTH__ = DEFINED (__FUSE_REGION_LENGTH__)?__FUSE_REGION_LENGTH__:0x400
                0x00000400                __LOCK_REGION_LENGTH__ = DEFINED (__LOCK_REGION_LENGTH__)?__LOCK_REGION_LENGTH__:0x400
                0x00000400                __SIGNATURE_REGION_LENGTH__ = DEFINED (__SIGNATURE_REGION_LENGTH__)?__SIGNATURE_REGION_LENGTH__:0x400
                0x00000400                __USER_SIGNATURE_REGION_LENGTH__ = DEFINED (__USER_SIGNATURE_REGION_LENGTH__)?__USER_SIGNATURE_REGION_LENGTH__:0x400

.hash
 *(.hash)

.dynsym
 *(.dynsym)

.dynstr
 *(.dynstr)

.gnu.version
 *(.gnu.version)

.gnu.version_d
 *(.gnu.version_d)

.gnu.version_r
 *(.gnu.version_r)

.rel.init
 *(.rel.init)

.rela.init
 *(.rela.init)

.rel.text
 *(.rel.text)
 *(.rel.text.*)
 *(.rel.gnu.linkonce.t*)

.rela.text
 *(.rela.text)
 *(.rela.text.*)
 *(.rela.gnu.linkonce.t*)

.rel.fini
 *(.rel.fini)

.rela.fini
 *(.rela.fini)

.rel.rodata
 *(.rel.rodata)
 *(.rel.rodata.*)
 *(.rel.gnu.linkonce.r*)

.rela.rodata
 *(.rela.rodata)
 *(.rela.rodata.*)
 *(.rela.gnu.linkonce.r*)

.rel.data
 *(.rel.data)
 *(.rel.data.*)
 *(.rel.gnu.linkonce.d*)

.rela.data
 *(.rela.data)
 *(.rela.data.*)
 *(.rela.gnu.linkonce.d*)

.rel.ctors
 *(.rel.ctors)

.rela.ctors
 *(.rela.ctors)

.rel.dtors
 *(.rel.dtors)

.rela.dtors
 *(.rela.dtors)

.rel.got
 *(.rel.got)

.rela.got
 *(.rela.got)

.rel.bss
 *(.rel.bss)

.rela.bss
 *(.rela.bss)

.rel.plt
 *(.rel.plt)

.rela.plt
 *(.rela.plt)

.text           0x00000000     0x19ea
 *(.vectors)
 .vectors       0x00000000       0x54 C:/Program Files (x86)/Atmel/Studio/7.0/Packs/atmel/ATmega_DFP/1.7.374/gcc/dev/atmega32/avr5/crtatmega32.o
                0x00000000                __vector_default
                0x00000000                __vectors
 *(.vectors)
 *(.progmem.gcc*)
 .progmem.gcc_sw_table.prvProcessReceivedCommands
                0x00000054       0x12 Source/timers.o
                0x00000066                . = ALIGN (0x2)
                0x00000066                __trampolines_start = .
 *(.trampolines)
 .trampolines   0x00000066        0x0 linker stubs
 *(.trampolines*)
                0x00000066                __trampolines_end = .
 *libprintf_flt.a:*(.progmem.data)
 *libc.a:*(.progmem.data)
 *(.progmem*)
                0x00000066                . = ALIGN (0x2)
 *(.jumptables)
 *(.jumptables*)
 *(.lowtext)
 *(.lowtext*)
                0x00000066                __ctors_start = .
 *(.ctors)
                0x00000066                __ctors_end = .
                0x00000066                __dtors_start = .
 *(.dtors)
                0x00000066                __dtors_end = .
 SORT(*)(.ctors)
 SORT(*)(.dtors)
 *(.init0)
 .init0         0x00000066        0x0 C:/Program Files (x86)/Atmel/Studio/7.0/Packs/atmel/ATmega_DFP/1.7.374/gcc/dev/atmega32/avr5/crtatmega32.o
                0x00000066                __init
 *(.init0)
 *(.init1)
 *(.init1)
 *(.init2)
 .init2         0x00000066        0xc C:/Program Files (x86)/Atmel/Studio/7.0/Packs/atmel/ATmega_DFP/1.7.374/gcc/dev/atmega32/avr5/crtatmega32.o
 *(.init2)
 *(.init3)
 *(.init3)
 *(.init4)
 .init4         0x00000072       0x16 c:/program files (x86)/atmel/studio/7.0/toolchain/avr8/avr8-gnu-toolchain/bin/../lib/gcc/avr/5.4.0/avr5\libgcc.a(_copy_data.o)
                0x00000072                __do_copy_data
 .init4         0x00000088       0x10 c:/program files (x86)/atmel/studio/7.0/toolchain/avr8/avr8-gnu-toolchain/bin/../lib/gcc/avr/5.4.0/avr5\libgcc.a(_clear_bss.o)
                0x00000088                __do_clear_bss
 *(.init4)
 *(.init5)
 *(.init5)
 *(.init6)
 *(.init6)
 *(.init7)
 *(.init7)
 *(.init8)
 *(.init8)
 *(.init9)
 .init9         0x00000098        0x8 C:/Program Files (x86)/Atmel/Studio/7.0/Packs/atmel/ATmega_DFP/1.7.374/gcc/dev/atmega32/avr5/crtatmega32.o
 *(.init9)
 *(.text)
 .text          0x000000a0        0x4 C:/Program Files (x86)/Atmel/Studio/7.0/Packs/atmel/ATmega_DFP/1.7.374/gcc/dev/atmega32/avr5/crtatmega32.o
                0x000000a0                __vector_1
                0x000000a0                __vector_12
                0x000000a0                __bad_interrupt
                0x000000a0                __vector_6
                0x000000a0                __vector_3
                0x000000a0                __vector_11
                0x000000a0                __vector_13
                0x000000a0                __vector_17
                0x000000a0                __vector_19
                0x000000a0                __vector_5
                0x000000a0                __vector_4
                0x000000a0                __vector_9
                0x000000a0                __vector_2
                0x000000a0                __vector_15
                0x000000a0                __vector_8
                0x000000a0                __vector_14
                0x000000a0                __vector_10
                0x000000a0                __vector_16
                0x000000a0                __vector_18
                0x000000a0                __vector_20
                0x000000a4                . = ALIGN (0x2)
 *(.text.*)
 .text.Task1_Func
                0x000000a4       0x28 main.o
                0x000000a4                Task1_Func
 .text.Task2_Func
                0x000000cc       0x28 main.o
                0x000000cc                Task2_Func
 .text.Task3_Func
                0x000000f4       0x28 main.o
                0x000000f4                Task3_Func
 .text.main     0x0000011c       0x6c main.o
                0x0000011c                main
 .text.vListInitialise
                0x00000188       0x1c Source/list.o
                0x00000188                vListInitialise
 .text.vListInitialiseItem
                0x000001a4        0x8 Source/list.o
                0x000001a4                vListInitialiseItem
 .text.vListInsert
                0x000001ac       0x62 Source/list.o
                0x000001ac                vListInsert
 .text.uxListRemove
                0x0000020e       0x4e Source/list.o
                0x0000020e                uxListRemove
 .text.prvSetupTimerInterrupt
                0x0000025c       0x12 Source/portable/GCC/ATMega323/port.o
 .text.pxPortInitialiseStack
                0x0000026e       0xd8 Source/portable/GCC/ATMega323/port.o
                0x0000026e                pxPortInitialiseStack
 .text.xPortStartScheduler
                0x00000346       0x5e Source/portable/GCC/ATMega323/port.o
                0x00000346                xPortStartScheduler
 .text.vPortYield
                0x000003a4       0xb2 Source/portable/GCC/ATMega323/port.o
                0x000003a4                vPortYield
 .text.vPortYieldFromTick
                0x00000456       0xb8 Source/portable/GCC/ATMega323/port.o
                0x00000456                vPortYieldFromTick
 .text.__vector_7
                0x0000050e        0x6 Source/portable/GCC/ATMega323/port.o
                0x0000050e                __vector_7
 .text.pvPortMalloc
                0x00000514       0x74 Source/portable/MemMang/heap_1.o
                0x00000514                pvPortMalloc
 .text.vPortFree
                0x00000588        0x2 Source/portable/MemMang/heap_1.o
                0x00000588                vPortFree
 .text.prvIsQueueEmpty
                0x0000058a       0x1a Source/queue.o
 .text.prvCopyDataFromQueue
                0x000005a4       0x34 Source/queue.o
 .text.prvUnlockQueue
                0x000005d8       0x68 Source/queue.o
 .text.xQueueGenericReset
                0x00000640       0xc0 Source/queue.o
                0x00000640                xQueueGenericReset
 .text.prvInitialiseNewQueue
                0x00000700       0x26 Source/queue.o
 .text.xQueueGenericCreate
                0x00000726       0x82 Source/queue.o
                0x00000726                xQueueGenericCreate
 .text.xQueueReceive
                0x000007a8      0x11e Source/queue.o
                0x000007a8                xQueueReceive
 .text.vQueueWaitForMessageRestricted
                0x000008c6       0x3a Source/queue.o
                0x000008c6                vQueueWaitForMessageRestricted
 .text.prvResetNextTaskUnblockTime
                0x00000900       0x38 Source/tasks.o
 .text.prvDeleteTCB
                0x00000938       0x1a Source/tasks.o
 .text.prvInitialiseNewTask
                0x00000952       0xfc Source/tasks.o
 .text.prvInitialiseTaskLists
                0x00000a4e       0x66 Source/tasks.o
 .text.prvAddNewTaskToReadyList
                0x00000ab4       0xfa Source/tasks.o
 .text.prvCheckTasksWaitingTermination
                0x00000bae       0x4c Source/tasks.o
 .text.prvIdleTask
                0x00000bfa       0x12 Source/tasks.o
 .text.prvAddCurrentTaskToDelayedList
                0x00000c0c       0x88 Source/tasks.o
 .text.xTaskCreate
                0x00000c94       0xa8 Source/tasks.o
                0x00000c94                xTaskCreate
 .text.vTaskStartScheduler
                0x00000d3c       0x60 Source/tasks.o
                0x00000d3c                vTaskStartScheduler
 .text.vTaskSuspendAll
                0x00000d9c        0xc Source/tasks.o
                0x00000d9c                vTaskSuspendAll
 .text.xTaskGetTickCount
                0x00000da8       0x14 Source/tasks.o
                0x00000da8                xTaskGetTickCount
 .text.xTaskIncrementTick
                0x00000dbc      0x234 Source/tasks.o
                0x00000dbc                xTaskIncrementTick
 .text.xTaskResumeAll
                0x00000ff0      0x1aa Source/tasks.o
                0x00000ff0                xTaskResumeAll
 .text.xTaskDelayUntil
                0x0000119a       0x84 Source/tasks.o
                0x0000119a                xTaskDelayUntil
 .text.vTaskSwitchContext
                0x0000121e       0xa8 Source/tasks.o
                0x0000121e                vTaskSwitchContext
 .text.vTaskPlaceOnEventList
                0x000012c6       0x24 Source/tasks.o
                0x000012c6                vTaskPlaceOnEventList
 .text.vTaskPlaceOnEventListRestricted
                0x000012ea       0x92 Source/tasks.o
                0x000012ea                vTaskPlaceOnEventListRestricted
 .text.xTaskRemoveFromEventList
                0x0000137c      0x17a Source/tasks.o
                0x0000137c                xTaskRemoveFromEventList
 .text.vTaskInternalSetTimeOutState
                0x000014f6       0x16 Source/tasks.o
                0x000014f6                vTaskInternalSetTimeOutState
 .text.xTaskCheckForTimeOut
                0x0000150c       0x64 Source/tasks.o
                0x0000150c                xTaskCheckForTimeOut
 .text.vTaskMissedYield
                0x00001570        0x8 Source/tasks.o
                0x00001570                vTaskMissedYield
 .text.prvGetNextExpireTime
                0x00001578       0x2a Source/timers.o
 .text.prvInsertTimerInActiveList
                0x000015a2       0x5e Source/timers.o
 .text.prvReloadTimer
                0x00001600       0x48 Source/timers.o
 .text.prvProcessExpiredTimer
                0x00001648       0x56 Source/timers.o
 .text.prvSwitchTimerLists
                0x0000169e       0x3c Source/timers.o
 .text.prvSampleTimeNow
                0x000016da       0x42 Source/timers.o
 .text.prvProcessTimerOrBlockTask
                0x0000171c       0x90 Source/timers.o
 .text.prvProcessReceivedCommands
                0x000017ac      0x140 Source/timers.o
 .text.prvTimerTask
                0x000018ec       0x1e Source/timers.o
 .text.prvCheckForValidListAndQueue
                0x0000190a       0x52 Source/timers.o
 .text.xTimerCreateTimerTask
                0x0000195c       0x44 Source/timers.o
                0x0000195c                xTimerCreateTimerTask
 .text.libgcc.div
                0x000019a0       0x28 c:/program files (x86)/atmel/studio/7.0/toolchain/avr8/avr8-gnu-toolchain/bin/../lib/gcc/avr/5.4.0/avr5\libgcc.a(_udivmodhi4.o)
                0x000019a0                __udivmodhi4
 .text.libgcc   0x000019c8        0xc c:/program files (x86)/atmel/studio/7.0/toolchain/avr8/avr8-gnu-toolchain/bin/../lib/gcc/avr/5.4.0/avr5\libgcc.a(_tablejump2.o)
                0x000019c8                __tablejump2__
 .text.avr-libc
                0x000019d4       0x12 c:/program files (x86)/atmel/studio/7.0/toolchain/avr8/avr8-gnu-toolchain/bin/../lib/gcc/avr/5.4.0/../../../../avr/lib/avr5\libc.a(memcpy.o)
                0x000019d4                memcpy
                0x000019e6                . = ALIGN (0x2)
 *(.fini9)
 .fini9         0x000019e6        0x0 c:/program files (x86)/atmel/studio/7.0/toolchain/avr8/avr8-gnu-toolchain/bin/../lib/gcc/avr/5.4.0/avr5\libgcc.a(_exit.o)
                0x000019e6                _exit
                0x000019e6                exit
 *(.fini9)
 *(.fini8)
 *(.fini8)
 *(.fini7)
 *(.fini7)
 *(.fini6)
 *(.fini6)
 *(.fini5)
 *(.fini5)
 *(.fini4)
 *(.fini4)
 *(.fini3)
 *(.fini3)
 *(.fini2)
 *(.fini2)
 *(.fini1)
 *(.fini1)
 *(.fini0)
 .fini0         0x000019e6        0x4 c:/program files (x86)/atmel/studio/7.0/toolchain/avr8/avr8-gnu-toolchain/bin/../lib/gcc/avr/5.4.0/avr5\libgcc.a(_exit.o)
 *(.fini0)
                0x000019ea                _etext = .

.data           0x00800060       0x20 load address 0x000019ea
                0x00800060                PROVIDE (__data_start, .)
 *(.data)
 *(.data*)
 .data.uxTopUsedPriority
                0x00800060        0x1 Source/tasks.o
                0x00800060                uxTopUsedPriority
 *(.gnu.linkonce.d*)
 *(.rodata)
 *(.rodata*)
 .rodata.str1.1
                0x00800061       0x12 main.o
 .rodata.str1.1
                0x00800073        0x5 Source/tasks.o
 .rodata.str1.1
                0x00800078        0x8 Source/timers.o
 *(.gnu.linkonce.r*)
                0x00800080                . = ALIGN (0x2)
                0x00800080                _edata = .
                0x00800080                PROVIDE (__data_end, .)

.bss            0x00800080      0x660
                0x00800080                PROVIDE (__bss_start, .)
 *(.bss)
 *(.bss*)
 .bss.pucAlignedHeap.2109
                0x00800080        0x2 Source/portable/MemMang/heap_1.o
 .bss.xNextFreeByte
                0x00800082        0x2 Source/portable/MemMang/heap_1.o
 .bss.ucHeap    0x00800084      0x5dc Source/portable/MemMang/heap_1.o
 .bss.uxSchedulerSuspended
                0x00800660        0x1 Source/tasks.o
 .bss.xIdleTaskHandle
                0x00800661        0x2 Source/tasks.o
 .bss.xNextTaskUnblockTime
                0x00800663        0x2 Source/tasks.o
 .bss.uxTaskNumber
                0x00800665        0x1 Source/tasks.o
 .bss.xNumOfOverflows
                0x00800666        0x1 Source/tasks.o
 .bss.xYieldPending
                0x00800667        0x1 Source/tasks.o
 .bss.xPendedTicks
                0x00800668        0x2 Source/tasks.o
 .bss.xSchedulerRunning
                0x0080066a        0x1 Source/tasks.o
 .bss.uxTopReadyPriority
                0x0080066b        0x1 Source/tasks.o
 .bss.xTickCount
                0x0080066c        0x2 Source/tasks.o
 .bss.uxCurrentNumberOfTasks
                0x0080066e        0x1 Source/tasks.o
 .bss.uxDeletedTasksWaitingCleanUp
                0x0080066f        0x1 Source/tasks.o
 .bss.xTasksWaitingTermination
                0x00800670        0x9 Source/tasks.o
 .bss.xPendingReadyList
                0x00800679        0x9 Source/tasks.o
 .bss.pxOverflowDelayedTaskList
                0x00800682        0x2 Source/tasks.o
 .bss.pxDelayedTaskList
                0x00800684        0x2 Source/tasks.o
 .bss.xDelayedTaskList2
                0x00800686        0x9 Source/tasks.o
 .bss.xDelayedTaskList1
                0x0080068f        0x9 Source/tasks.o
 .bss.pxReadyTasksLists
                0x00800698       0x24 Source/tasks.o
 .bss.pxCurrentTCB
                0x008006bc        0x2 Source/tasks.o
                0x008006bc                pxCurrentTCB
 .bss.xLastTime.2420
                0x008006be        0x2 Source/timers.o
 .bss.xTimerTaskHandle
                0x008006c0        0x2 Source/timers.o
 .bss.xTimerQueue
                0x008006c2        0x2 Source/timers.o
 .bss.pxOverflowTimerList
                0x008006c4        0x2 Source/timers.o
 .bss.pxCurrentTimerList
                0x008006c6        0x2 Source/timers.o
 .bss.xActiveTimerList2
                0x008006c8        0x9 Source/timers.o
 .bss.xActiveTimerList1
                0x008006d1        0x9 Source/timers.o
 *(COMMON)
 COMMON         0x008006da        0x6 main.o
                0x008006da                task3ptr
                0x008006dc                task2ptr
                0x008006de                task1ptr
                0x008006e0                PROVIDE (__bss_end, .)
                0x000019ea                __data_load_start = LOADADDR (.data)
                0x00001a0a                __data_load_end = (__data_load_start + SIZEOF (.data))

.noinit         0x008006e0        0x0
                [!provide]                PROVIDE (__noinit_start, .)
 *(.noinit*)
                [!provide]                PROVIDE (__noinit_end, .)
                0x008006e0                _end = .
                [!provide]                PROVIDE (__heap_start, .)

.eeprom         0x00810000        0x0
 *(.eeprom*)
                0x00810000                __eeprom_end = .

.fuse
 *(.fuse)
 *(.lfuse)
 *(.hfuse)
 *(.efuse)

.lock
 *(.lock*)

.signature
 *(.signature*)

.user_signatures
 *(.user_signatures*)

.stab
 *(.stab)

.stabstr
 *(.stabstr)

.stab.excl
 *(.stab.excl)

.stab.exclstr
 *(.stab.exclstr)

.stab.index
 *(.stab.index)

.stab.indexstr
 *(.stab.indexstr)

.comment        0x00000000       0x30
 *(.comment)
 .comment       0x00000000       0x30 main.o
                                 0x31 (size before relaxing)
 .comment       0x00000030       0x31 Source/list.o
 .comment       0x00000030       0x31 Source/portable/GCC/ATMega323/port.o
 .comment       0x00000030       0x31 Source/portable/MemMang/heap_1.o
 .comment       0x00000030       0x31 Source/queue.o
 .comment       0x00000030       0x31 Source/tasks.o
 .comment       0x00000030       0x31 Source/timers.o

.note.gnu.avr.deviceinfo
                0x00000000       0x3c
 .note.gnu.avr.deviceinfo
                0x00000000       0x3c C:/Program Files (x86)/Atmel/Studio/7.0/Packs/atmel/ATmega_DFP/1.7.374/gcc/dev/atmega32/avr5/crtatmega32.o

.note.gnu.build-id
 *(.note.gnu.build-id)

.debug
 *(.debug)

.line
 *(.line)

.debug_srcinfo
 *(.debug_srcinfo)

.debug_sfnames
 *(.debug_sfnames)

.debug_aranges  0x00000000      0x420
 *(.debug_aranges)
 .debug_aranges
                0x00000000       0x38 main.o
 .debug_aranges
                0x00000038       0x40 Source/list.o
 .debug_aranges
                0x00000078       0x50 Source/portable/GCC/ATMega323/port.o
 .debug_aranges
                0x000000c8       0x38 Source/portable/MemMang/heap_1.o
 .debug_aranges
                0x00000100       0xf0 Source/queue.o
 .debug_aranges
                0x000001f0      0x160 Source/tasks.o
 .debug_aranges
                0x00000350       0xd0 Source/timers.o

.debug_pubnames
 *(.debug_pubnames)

.debug_info     0x00000000     0x515f
 *(.debug_info .gnu.linkonce.wi.*)
 .debug_info    0x00000000      0x4e6 C:/Program Files (x86)/Atmel/Studio/7.0/Packs/atmel/ATmega_DFP/1.7.374/gcc/dev/atmega32/avr5/crtatmega32.o
 .debug_info    0x000004e6      0x350 main.o
 .debug_info    0x00000836      0x2d8 Source/list.o
 .debug_info    0x00000b0e      0x24e Source/portable/GCC/ATMega323/port.o
 .debug_info    0x00000d5c      0x1a4 Source/portable/MemMang/heap_1.o
 .debug_info    0x00000f00     0x1817 Source/queue.o
 .debug_info    0x00002717     0x1a5c Source/tasks.o
 .debug_info    0x00004173      0xfec Source/timers.o

.debug_abbrev   0x00000000     0x1053
 *(.debug_abbrev)
 .debug_abbrev  0x00000000      0x4a3 C:/Program Files (x86)/Atmel/Studio/7.0/Packs/atmel/ATmega_DFP/1.7.374/gcc/dev/atmega32/avr5/crtatmega32.o
 .debug_abbrev  0x000004a3       0xfe main.o
 .debug_abbrev  0x000005a1       0xff Source/list.o
 .debug_abbrev  0x000006a0      0x143 Source/portable/GCC/ATMega323/port.o
 .debug_abbrev  0x000007e3      0x11c Source/portable/MemMang/heap_1.o
 .debug_abbrev  0x000008ff      0x241 Source/queue.o
 .debug_abbrev  0x00000b40      0x294 Source/tasks.o
 .debug_abbrev  0x00000dd4      0x27f Source/timers.o

.debug_line     0x00000000     0x2c8b
 *(.debug_line .debug_line.* .debug_line_end)
 .debug_line    0x00000000      0x116 C:/Program Files (x86)/Atmel/Studio/7.0/Packs/atmel/ATmega_DFP/1.7.374/gcc/dev/atmega32/avr5/crtatmega32.o
 .debug_line    0x00000116      0x184 main.o
 .debug_line    0x0000029a      0x208 Source/list.o
 .debug_line    0x000004a2      0x2cb Source/portable/GCC/ATMega323/port.o
 .debug_line    0x0000076d      0x1d5 Source/portable/MemMang/heap_1.o
 .debug_line    0x00000942      0xce2 Source/queue.o
 .debug_line    0x00001624     0x1035 Source/tasks.o
 .debug_line    0x00002659      0x632 Source/timers.o

.debug_frame    0x00000000      0xdb4
 *(.debug_frame)
 .debug_frame   0x00000000       0x84 main.o
 .debug_frame   0x00000084       0x88 Source/list.o
 .debug_frame   0x0000010c       0x84 Source/portable/GCC/ATMega323/port.o
 .debug_frame   0x00000190       0x60 Source/portable/MemMang/heap_1.o
 .debug_frame   0x000001f0      0x398 Source/queue.o
 .debug_frame   0x00000588      0x540 Source/tasks.o
 .debug_frame   0x00000ac8      0x2ec Source/timers.o

.debug_str      0x00000000     0x1833
 *(.debug_str)
 .debug_str     0x00000000      0x196 C:/Program Files (x86)/Atmel/Studio/7.0/Packs/atmel/ATmega_DFP/1.7.374/gcc/dev/atmega32/avr5/crtatmega32.o
 .debug_str     0x00000196      0x20c main.o
                                0x245 (size before relaxing)
 .debug_str     0x000003a2      0x13a Source/list.o
                                0x2b7 (size before relaxing)
 .debug_str     0x000004dc      0x13d Source/portable/GCC/ATMega323/port.o
                                0x2c7 (size before relaxing)
 .debug_str     0x00000619       0xc5 Source/portable/MemMang/heap_1.o
                                0x239 (size before relaxing)
 .debug_str     0x000006de      0x59c Source/queue.o
                                0x875 (size before relaxing)
 .debug_str     0x00000c7a      0x797 Source/tasks.o
                                0xc9f (size before relaxing)
 .debug_str     0x00001411      0x422 Source/timers.o
                                0x842 (size before relaxing)

.debug_loc      0x00000000     0x52cd
 *(.debug_loc)
 .debug_loc     0x00000000       0xd8 main.o
 .debug_loc     0x000000d8      0x145 Source/list.o
 .debug_loc     0x0000021d      0x2a0 Source/portable/GCC/ATMega323/port.o
 .debug_loc     0x000004bd      0x10f Source/portable/MemMang/heap_1.o
 .debug_loc     0x000005cc     0x1fc7 Source/queue.o
 .debug_loc     0x00002593     0x1e2f Source/tasks.o
 .debug_loc     0x000043c2      0xf0b Source/timers.o

.debug_macinfo
 *(.debug_macinfo)

.debug_weaknames
 *(.debug_weaknames)

.debug_funcnames
 *(.debug_funcnames)

.debug_typenames
 *(.debug_typenames)

.debug_varnames
 *(.debug_varnames)

.debug_pubtypes
 *(.debug_pubtypes)

.debug_ranges   0x00000000      0x438
 *(.debug_ranges)
 .debug_ranges  0x00000000       0x28 main.o
 .debug_ranges  0x00000028       0x30 Source/list.o
 .debug_ranges  0x00000058       0x40 Source/portable/GCC/ATMega323/port.o
 .debug_ranges  0x00000098       0x28 Source/portable/MemMang/heap_1.o
 .debug_ranges  0x000000c0      0x128 Source/queue.o
 .debug_ranges  0x000001e8      0x190 Source/tasks.o
 .debug_ranges  0x00000378       0xc0 Source/timers.o

.debug_macro
 *(.debug_macro)
OUTPUT(RTOS_Assigment.elf elf32-avr)
LOAD linker stubs
